// Jest Snapshot v1, https://goo.gl/fbAQLP

exports[`should match snapshot 1`] = `
<Form>
  <form
    className="pickup-form"
  >
    <h1>
      Let's find your ideal car
    </h1>
    <div
      className="field-container"
    >
      <label
        htmlFor="pickup-location"
      >
        Pick-up Location
      </label>
      <input
        id="pickup-location"
        name="pickup-location"
        placeholder="city, airport, station, region, district..."
        type="text"
      />
    </div>
  </form>
</Form>
`;
