// Jest Snapshot v1, https://goo.gl/fbAQLP

exports[`should match snapshot 1`] = `
<SearchField>
  <div
    className="field-container"
  >
    <label
      htmlFor="pickup-location"
    >
      Pick-up Location
    </label>
    <input
      autoComplete="off"
      id="pickup-location"
      name="pickup-location"
      onChange={[Function]}
      placeholder="city, airport, station, region, district..."
      type="text"
    />
  </div>
</SearchField>
`;
