// Jest Snapshot v1, https://goo.gl/fbAQLP

exports[`should match snapshot when no suggestions provided 1`] = `
<SuggestionList>
  <div
    className="list"
  />
</SuggestionList>
`;

exports[`should match snapshot when suggestions provided 1`] = `
<SuggestionList>
  <div
    className="list open"
  >
    <div
      className="item"
      key="0"
    >
      <p
        className="title"
        dangerouslySetInnerHTML={
          Object {
            "__html": "manchester airport",
          }
        }
      />
    </div>
    <div
      className="item"
      key="1"
    >
      <p
        className="title"
        dangerouslySetInnerHTML={
          Object {
            "__html": "wigan pier",
          }
        }
      />
    </div>
  </div>
</SuggestionList>
`;
